../Core/Src/main.c:932:13:MX_GPIO_Init	1
../Core/Src/main.c:963:6:Error_Handler	1
../Core/Src/main.c:353:13:MX_ADC1_Init	1
../Core/Src/main.c:400:13:MX_TIM1_Init	1
../Core/Src/main.c:503:13:MX_TIM2_Init	1
../Core/Src/main.c:683:13:MX_TIM4_Init	1
../Core/Src/main.c:757:13:MX_TIM12_Init	1
../Core/Src/main.c:824:13:MX_TIM15_Init	1
../Core/Src/main.c:899:13:MX_UART4_Init	1
../Core/Src/main.c:591:13:MX_TIM3_Init	1
../Core/Src/main.c:309:6:SystemClock_Config	1
../Core/Src/main.c:84:5:main	35
